
emala@Emalau MINGW64 ~
$ ls
 AppData/
 Contacts/
 Cookies@
'Dati applicazioni'@
 Desktop/
 Documenti@
 Documents/
 Downloads/
 Favorites/
'Impostazioni locali'@
 Links/
'Menu Avvio'@
 Modelli@
 Music/
 NTUSER.DAT
 NTUSER.DAT{1c2b59c6-c5f5-11eb-bacb-000d3a96488e}.TM.blf
 NTUSER.DAT{1c2b59c6-c5f5-11eb-bacb-000d3a96488e}.TMContainer00000000000000000001.regtrans-ms
 NTUSER.DAT{1c2b59c6-c5f5-11eb-bacb-000d3a96488e}.TMContainer00000000000000000002.regtrans-ms
 OneDrive/
 Pictures/
 Recenti@
'Risorse di rete'@
'Risorse di stampa'@
'Saved Games'/
 Searches/
 SendTo@
 Videos/
 curseforge/
 eclipse/
 eclipse-workspace/
 hitman/
 ntuser.dat.LOG1
 ntuser.dat.LOG2
 ntuser.ini

emala@Emalau MINGW64 ~
$ cd Desktop/

emala@Emalau MINGW64 ~/Desktop
$ cd emanuele_l/

emala@Emalau MINGW64 ~/Desktop/emanuele_l (main)
$ ls
07-02-2021_es-gitignore/  Conversione/  README.md

emala@Emalau MINGW64 ~/Desktop/emanuele_l (main)
$ status
bash: status: command not found


emala@Emalau MINGW64 ~/Desktop/emanuele_l (main)
$

emala@Emalau MINGW64 ~/Desktop/emanuele_l (main)
$ git commit -a
[main e22599f]  deleted:    Conversione/Conversione.dev         deleted:    Conversione/Conversione.layout      deleted:    Conversione/Makefile.win    deleted:    Conversione/conversione.cpp         deleted:    Conversione/conversione.h  deleted:    Conversione/main.cpp         Codocenza/
 6 files changed, 173 deletions(-)
 delete mode 100644 Conversione/Conversione.dev
 delete mode 100644 Conversione/Conversione.layout
 delete mode 100644 Conversione/Makefile.win
 delete mode 100644 Conversione/conversione.cpp
 delete mode 100644 Conversione/conversione.h
 delete mode 100644 Conversione/main.cpp

emala@Emalau MINGW64 ~/Desktop/emanuele_l (main)
$ git commit -a
On branch main
Your branch is ahead of 'origin/main' by 1 commit.
  (use "git push" to publish your local commits)

Untracked files:
  (use "git add <file>..." to include in what will be committed)
        Codocenza/

nothing added to commit but untracked files present (use "git add" to track)

emala@Emalau MINGW64 ~/Desktop/emanuele_l (main)
$ git add .

emala@Emalau MINGW64 ~/Desktop/emanuele_l (main)
$ git commit -a
[main 35739c0]  new file:   Codocenza/Conversione.dev   new file:   Codocenza/Conversione.layout        new file:   Codocenza/Lauro-Emanuele_2022-01-27_lab.txt new file:   Codocenza/Makefile.win      new file:   Codocenza/conversione.cpp  new file:   Codocenza/conversione.h      new file:   Codocenza/main.cpp
 7 files changed, 173 insertions(+)
 create mode 100644 Codocenza/Conversione.dev
 create mode 100644 Codocenza/Conversione.layout
 create mode 100644 Codocenza/Lauro-Emanuele_2022-01-27_lab.txt
 create mode 100644 Codocenza/Makefile.win
 create mode 100644 Codocenza/conversione.cpp
 create mode 100644 Codocenza/conversione.h
 create mode 100644 Codocenza/main.cpp

emala@Emalau MINGW64 ~/Desktop/emanuele_l (main)
$ git
usage: git [--version] [--help] [-C <path>] [-c <name>=<value>]
           [--exec-path[=<path>]] [--html-path] [--man-path] [--info-path]
           [-p | --paginate | -P | --no-pager] [--no-replace-objects] [--bare]
           [--git-dir=<path>] [--work-tree=<path>] [--namespace=<name>]
           [--super-prefix=<path>] [--config-env=<name>=<envvar>]
           <command> [<args>]

These are common Git commands used in various situations:

start a working area (see also: git help tutorial)
   clone     Clone a repository into a new directory
   init      Create an empty Git repository or reinitialize an existing one

work on the current change (see also: git help everyday)
   add       Add file contents to the index
   mv        Move or rename a file, a directory, or a symlink
   restore   Restore working tree files
   rm        Remove files from the working tree and from the index

examine the history and state (see also: git help revisions)
   bisect    Use binary search to find the commit that introduced a bug
   diff      Show changes between commits, commit and working tree, etc
   grep      Print lines matching a pattern
   log       Show commit logs
   show      Show various types of objects
   status    Show the working tree status

grow, mark and tweak your common history
   branch    List, create, or delete branches
   commit    Record changes to the repository
   merge     Join two or more development histories together
   rebase    Reapply commits on top of another base tip
   reset     Reset current HEAD to the specified state
   switch    Switch branches
   tag       Create, list, delete or verify a tag object signed with GPG

collaborate (see also: git help workflows)
   fetch     Download objects and refs from another repository
   pull      Fetch from and integrate with another repository or a local branch
   push      Update remote refs along with associated objects

'git help -a' and 'git help -g' list available subcommands and some
concept guides. See 'git help <command>' or 'git help <concept>'
to read about a specific subcommand or concept.
See 'git help git' for an overview of the system.

emala@Emalau MINGW64 ~/Desktop/emanuele_l (main)
$ git push
Enumerating objects: 13, done.
Counting objects: 100% (13/13), done.
Delta compression using up to 12 threads
Compressing objects: 100% (11/11), done.
Writing objects: 100% (12/12), 2.38 KiB | 1.19 MiB/s, done.
Total 12 (delta 2), reused 0 (delta 0), pack-reused 0
remote: Resolving deltas: 100% (2/2), completed with 1 local object.
To https://github.com/EmaLau/emanuele_l.git
   29f41d0..35739c0  main -> main

emala@Emalau MINGW64 ~/Desktop/emanuele_l (main)
$
